src/lib/__tests__/anthropic.pbt.test.ts(399,57): error TS2345: Argument of type '{ id: string; patient_id: string; device_id: string; timestamp: string; heart_rate: number; hrv: number; eda: number; accelerometer_x: number; accelerometer_y: number; accelerometer_z: number; ... 5 more ...; created_at: string; }[]' is not assignable to parameter of type 'SensorData[]'.
  Type '{ id: string; patient_id: string; device_id: string; timestamp: string; heart_rate: number; hrv: number; eda: number; accelerometer_x: number; accelerometer_y: number; accelerometer_z: number; ... 5 more ...; created_at: string; }' is not assignable to type 'SensorData'.
    Types of property 'overload_predicted_in_minutes' are incompatible.
      Type 'number | null' is not assignable to type 'number | undefined'.
        Type 'null' is not assignable to type 'number | undefined'.
src/lib/__tests__/anthropic.pbt.test.ts(400,58): error TS2345: Argument of type '{ id: string; patient_id: string; device_id: string; timestamp: string; heart_rate: number; hrv: number; eda: number; accelerometer_x: number; accelerometer_y: number; accelerometer_z: number; ... 5 more ...; created_at: string; }[]' is not assignable to parameter of type 'SensorData[]'.
  Type '{ id: string; patient_id: string; device_id: string; timestamp: string; heart_rate: number; hrv: number; eda: number; accelerometer_x: number; accelerometer_y: number; accelerometer_z: number; ... 5 more ...; created_at: string; }' is not assignable to type 'SensorData'.
    Types of property 'overload_predicted_in_minutes' are incompatible.
      Type 'number | null' is not assignable to type 'number | undefined'.
        Type 'null' is not assignable to type 'number | undefined'.
src/utils/__tests__/accessibility.pbt.test.ts(58,7): error TS2345: Argument of type '{ numRuns: number; }' is not assignable to parameter of type 'number'.
src/utils/__tests__/accessibility.pbt.test.ts(95,7): error TS2345: Argument of type '{ numRuns: number; }' is not assignable to parameter of type 'number'.
src/utils/__tests__/accessibility.pbt.test.ts(120,7): error TS2345: Argument of type '{ numRuns: number; }' is not assignable to parameter of type 'number'.
src/utils/__tests__/accessibility.pbt.test.ts(143,7): error TS2345: Argument of type '{ numRuns: number; }' is not assignable to parameter of type 'number'.
src/utils/__tests__/accessibility.pbt.test.ts(171,7): error TS2345: Argument of type '{ numRuns: number; }' is not assignable to parameter of type 'number'.
src/utils/__tests__/accessibility.pbt.test.ts(203,7): error TS2345: Argument of type '{ numRuns: number; }' is not assignable to parameter of type 'number'.
src/utils/__tests__/accessibility.pbt.test.ts(230,7): error TS2345: Argument of type '{ numRuns: number; }' is not assignable to parameter of type 'number'.
src/utils/__tests__/accessibility.pbt.test.ts(261,7): error TS2345: Argument of type '{ numRuns: number; }' is not assignable to parameter of type 'number'.
src/utils/__tests__/accessibility.pbt.test.ts(292,7): error TS2345: Argument of type '{ numRuns: number; }' is not assignable to parameter of type 'number'.
src/utils/__tests__/accessibility.pbt.test.ts(319,7): error TS2345: Argument of type '{ numRuns: number; }' is not assignable to parameter of type 'number'.
src/utils/__tests__/accessibility.pbt.test.ts(350,7): error TS2345: Argument of type '{ numRuns: number; }' is not assignable to parameter of type 'number'.
src/utils/__tests__/accessibility.pbt.test.ts(394,7): error TS2345: Argument of type '{ numRuns: number; }' is not assignable to parameter of type 'number'.
src/utils/__tests__/analytics.test.ts(396,13): error TS6133: 'baseDate' is declared but its value is never read.
src/utils/__tests__/communityStrategies.pbt.test.ts(4,3): error TS6133: 'filterStrategiesByCategory' is declared but its value is never read.
src/utils/__tests__/communityStrategies.pbt.test.ts(78,7): error TS2345: Argument of type '{ numRuns: number; }' is not assignable to parameter of type 'number'.
src/utils/__tests__/communityStrategies.pbt.test.ts(100,7): error TS2345: Argument of type '{ numRuns: number; }' is not assignable to parameter of type 'number'.
src/utils/__tests__/communityStrategies.pbt.test.ts(132,7): error TS2345: Argument of type '{ numRuns: number; }' is not assignable to parameter of type 'number'.
src/utils/__tests__/communityStrategies.pbt.test.ts(155,7): error TS2345: Argument of type '{ numRuns: number; }' is not assignable to parameter of type 'number'.
src/utils/__tests__/communityStrategies.pbt.test.ts(174,7): error TS2345: Argument of type '{ numRuns: number; }' is not assignable to parameter of type 'number'.
src/utils/__tests__/communityStrategies.pbt.test.ts(193,7): error TS2345: Argument of type '{ numRuns: number; }' is not assignable to parameter of type 'number'.
src/utils/__tests__/communityStrategies.pbt.test.ts(206,7): error TS2345: Argument of type '{ numRuns: number; }' is not assignable to parameter of type 'number'.
src/utils/__tests__/communityStrategies.pbt.test.ts(227,7): error TS2345: Argument of type '{ numRuns: number; }' is not assignable to parameter of type 'number'.
src/utils/__tests__/communityStrategies.pbt.test.ts(253,7): error TS2345: Argument of type '{ numRuns: number; }' is not assignable to parameter of type 'number'.
src/utils/__tests__/communityStrategies.pbt.test.ts(278,7): error TS2345: Argument of type '{ numRuns: number; }' is not assignable to parameter of type 'number'.
src/utils/__tests__/communityStrategies.pbt.test.ts(306,7): error TS2345: Argument of type '{ numRuns: number; }' is not assignable to parameter of type 'number'.
src/utils/__tests__/copingStrategies.test.ts(7,3): error TS6133: 'sortByRecentlyUsed' is declared but its value is never read.
src/utils/__tests__/dataPrivacy.pbt.test.ts(231,51): error TS2345: Argument of type '{ id: string; accessor_id: string; accessor_name: string; accessor_role: string; access_type: string; data_type: string; timestamp: string; }[]' is not assignable to parameter of type 'AccessLog[]'.
  Type '{ id: string; accessor_id: string; accessor_name: string; accessor_role: string; access_type: string; data_type: string; timestamp: string; }' is not assignable to type 'AccessLog'.
    Types of property 'accessor_role' are incompatible.
      Type 'string' is not assignable to type '"therapist" | "teacher" | "guardian" | "system"'.
src/utils/__tests__/dataPrivacy.pbt.test.ts(283,48): error TS2345: Argument of type '{ id: string; accessor_id: string; accessor_name: string; accessor_role: string; access_type: string; data_type: string; timestamp: string; }[]' is not assignable to parameter of type 'AccessLog[]'.
  Type '{ id: string; accessor_id: string; accessor_name: string; accessor_role: string; access_type: string; data_type: string; timestamp: string; }' is not assignable to type 'AccessLog'.
    Types of property 'accessor_role' are incompatible.
      Type 'string' is not assignable to type '"therapist" | "teacher" | "guardian" | "system"'.
src/utils/__tests__/dataPrivacy.pbt.test.ts(330,48): error TS2345: Argument of type '{ id: string; accessor_id: string; accessor_name: string; accessor_role: string; access_type: string; data_type: string; timestamp: string; }[]' is not assignable to parameter of type 'AccessLog[]'.
  Type '{ id: string; accessor_id: string; accessor_name: string; accessor_role: string; access_type: string; data_type: string; timestamp: string; }' is not assignable to type 'AccessLog'.
    Types of property 'accessor_role' are incompatible.
      Type 'string' is not assignable to type '"therapist" | "teacher" | "guardian" | "system"'.
src/utils/__tests__/emergency.pbt.test.ts(3,3): error TS6133: 'activateEmergencyMode' is declared but its value is never read.
src/utils/__tests__/emergency.pbt.test.ts(4,3): error TS6133: 'applyMaxNoiseReduction' is declared but its value is never read.
src/utils/__tests__/emergency.pbt.test.ts(5,3): error TS6133: 'enableEscapeMode' is declared but its value is never read.
src/utils/__tests__/emergency.pbt.test.ts(6,3): error TS6133: 'schedulePostCrisisReflection' is declared but its value is never read.
src/utils/__tests__/emergency.pbt.test.ts(7,3): error TS6133: 'recordPostCrisisReflection' is declared but its value is never read.
src/utils/__tests__/emergency.pbt.test.ts(148,63): error TS6133: 'activation' is declared but its value is never read.
src/utils/__tests__/gestures.pbt.test.ts(2,10): error TS2305: Module '"../gestures"' has no exported member 'executeGestureAction'.
src/utils/__tests__/gestures.pbt.test.ts(3,10): error TS2305: Module '"@/types/database"' has no exported member 'Gesture'.
src/utils/__tests__/gestures.test.ts(5,3): error TS2305: Module '"../gestures"' has no exported member 'executeGestureAction'.
src/utils/__tests__/gestures.test.ts(7,10): error TS2305: Module '"@/types/database"' has no exported member 'Gesture'.
src/utils/__tests__/medicalFiles.pbt.test.ts(220,81): error TS2345: Argument of type 'string | null' is not assignable to parameter of type 'string | undefined'.
  Type 'null' is not assignable to type 'string | undefined'.
src/utils/__tests__/modes.test.ts(8,3): error TS2305: Module '"../modes"' has no exported member 'switchMode'.
src/utils/__tests__/modes.test.ts(8,3): error TS6133: 'switchMode' is declared but its value is never read.
src/utils/__tests__/socialCues.pbt.test.ts(60,32): error TS2345: Argument of type '(text: string) => boolean | ""' is not assignable to parameter of type '(text: string) => boolean | void'.
  Type 'boolean | ""' is not assignable to type 'boolean | void'.
    Type '""' is not assignable to type 'boolean | void'.
src/utils/__tests__/socialCues.pbt.test.ts(166,65): error TS2345: Argument of type '(text: string) => boolean | ""' is not assignable to parameter of type '(text: string) => boolean | void'.
  Type 'boolean | ""' is not assignable to type 'boolean | void'.
    Type '""' is not assignable to type 'boolean | void'.
src/utils/__tests__/store.pbt.test.ts(42,43): error TS2353: Object literal may only specify known properties, and 'frequency' does not exist in type 'OptionConstraints<null>'.
src/utils/__tests__/store.pbt.test.ts(43,71): error TS2353: Object literal may only specify known properties, and 'frequency' does not exist in type 'OptionConstraints<null>'.
src/utils/__tests__/therapist.pbt.test.ts(13,8): error TS6133: 'PatientInsight' is declared but its value is never read.
src/utils/__tests__/triggers.pbt.test.ts(6,3): error TS6133: 'TriggerRecord' is declared but its value is never read.
src/utils/__tests__/triggers.pbt.test.ts(7,3): error TS6133: 'StressEvent' is declared but its value is never read.
src/utils/__tests__/triggers.pbt.test.ts(65,41): error TS2345: Argument of type '{ stress_score: number; timestamp: number; context: { activity: string | null; location: string | null; time: string | null; }; }' is not assignable to parameter of type 'StressEvent'.
  The types of 'context.location' are incompatible between these types.
    Type 'string | null' is not assignable to type 'string | undefined'.
      Type 'null' is not assignable to type 'string | undefined'.
src/utils/__tests__/triggers.pbt.test.ts(87,41): error TS2345: Argument of type '{ stress_score: number; timestamp: number; context: { activity: string | null; location: string | null; time: string | null; }; }' is not assignable to parameter of type 'StressEvent'.
  The types of 'context.location' are incompatible between these types.
    Type 'string | null' is not assignable to type 'string | undefined'.
      Type 'null' is not assignable to type 'string | undefined'.
src/utils/__tests__/triggers.pbt.test.ts(97,41): error TS2345: Argument of type '{ stress_score: number; timestamp: number; context: { activity: string | null; location: string | null; time: string | null; }; }' is not assignable to parameter of type 'StressEvent'.
  The types of 'context.location' are incompatible between these types.
    Type 'string | null' is not assignable to type 'string | undefined'.
      Type 'null' is not assignable to type 'string | undefined'.
src/utils/__tests__/triggers.pbt.test.ts(110,43): error TS2345: Argument of type '{ stress_score: number; timestamp: number; context: { activity: string | null; location: string | null; time: string | null; }; }' is not assignable to parameter of type 'StressEvent'.
  The types of 'context.location' are incompatible between these types.
    Type 'string | null' is not assignable to type 'string | undefined'.
      Type 'null' is not assignable to type 'string | undefined'.
src/utils/__tests__/triggers.pbt.test.ts(115,19): error TS7053: Element implicitly has an 'any' type because expression of type 'string' can't be used to index type '{ activity: string | null; location: string | null; time: string | null; }'.
  No index signature with a parameter of type 'string' was found on type '{ activity: string | null; location: string | null; time: string | null; }'.
src/utils/__tests__/triggers.pbt.test.ts(115,50): error TS7053: Element implicitly has an 'any' type because expression of type 'string' can't be used to index type '{ activity: string | null; location: string | null; time: string | null; }'.
  No index signature with a parameter of type 'string' was found on type '{ activity: string | null; location: string | null; time: string | null; }'.
src/utils/__tests__/triggers.pbt.test.ts(116,46): error TS7053: Element implicitly has an 'any' type because expression of type 'string' can't be used to index type '{ activity: string | null; location: string | null; time: string | null; }'.
  No index signature with a parameter of type 'string' was found on type '{ activity: string | null; location: string | null; time: string | null; }'.
src/utils/__tests__/triggers.pbt.test.ts(133,72): error TS2345: Argument of type '{ stress_score: number; timestamp: number; context: { activity: string | null; location: string | null; time: string | null; }; }' is not assignable to parameter of type 'StressEvent'.
  The types of 'context.location' are incompatible between these types.
    Type 'string | null' is not assignable to type 'string | undefined'.
      Type 'null' is not assignable to type 'string | undefined'.
src/utils/__tests__/triggers.pbt.test.ts(146,41): error TS2345: Argument of type '{ stress_score: number; timestamp: number; context: { activity: string | null; location: string | null; time: string | null; }; }' is not assignable to parameter of type 'StressEvent'.
  The types of 'context.location' are incompatible between these types.
    Type 'string | null' is not assignable to type 'string | undefined'.
      Type 'null' is not assignable to type 'string | undefined'.
src/utils/__tests__/triggers.pbt.test.ts(159,49): error TS2345: Argument of type '{ activity: string | null; location: string | null; time: string | null; }' is not assignable to parameter of type 'TriggerContext'.
  Types of property 'location' are incompatible.
    Type 'string | null' is not assignable to type 'string | undefined'.
      Type 'null' is not assignable to type 'string | undefined'.
src/utils/__tests__/triggers.pbt.test.ts(243,46): error TS2345: Argument of type '{ id: string; trigger_type: "unknown" | "social" | "auditory" | "visual"; stress_score: number; context: { activity: string | null; location: string | null; time: string | null; }; timestamp: number; created_at: string; }[]' is not assignable to parameter of type 'TriggerRecord[]'.
  Type '{ id: string; trigger_type: "unknown" | "social" | "auditory" | "visual"; stress_score: number; context: { activity: string | null; location: string | null; time: string | null; }; timestamp: number; created_at: string; }' is not assignable to type 'TriggerRecord'.
    The types of 'context.location' are incompatible between these types.
      Type 'string | null' is not assignable to type 'string | undefined'.
        Type 'null' is not assignable to type 'string | undefined'.
src/utils/__tests__/triggers.pbt.test.ts(256,46): error TS2345: Argument of type '{ id: string; trigger_type: "unknown" | "social" | "auditory" | "visual"; stress_score: number; context: { activity: string | null; location: string | null; time: string | null; }; timestamp: number; created_at: string; }[]' is not assignable to parameter of type 'TriggerRecord[]'.
  Type '{ id: string; trigger_type: "unknown" | "social" | "auditory" | "visual"; stress_score: number; context: { activity: string | null; location: string | null; time: string | null; }; timestamp: number; created_at: string; }' is not assignable to type 'TriggerRecord'.
    The types of 'context.location' are incompatible between these types.
      Type 'string | null' is not assignable to type 'string | undefined'.
        Type 'null' is not assignable to type 'string | undefined'.
src/utils/__tests__/triggers.pbt.test.ts(277,46): error TS2345: Argument of type '{ id: string; trigger_type: "unknown" | "social" | "auditory" | "visual"; stress_score: number; context: { activity: string | null; location: string | null; time: string | null; }; timestamp: number; created_at: string; }[]' is not assignable to parameter of type 'TriggerRecord[]'.
  Type '{ id: string; trigger_type: "unknown" | "social" | "auditory" | "visual"; stress_score: number; context: { activity: string | null; location: string | null; time: string | null; }; timestamp: number; created_at: string; }' is not assignable to type 'TriggerRecord'.
    The types of 'context.location' are incompatible between these types.
      Type 'string | null' is not assignable to type 'string | undefined'.
        Type 'null' is not assignable to type 'string | undefined'.
src/utils/__tests__/triggers.pbt.test.ts(300,46): error TS2345: Argument of type '{ id: string; trigger_type: "unknown" | "social" | "auditory" | "visual"; stress_score: number; context: { activity: string | null; location: string | null; time: string | null; }; timestamp: number; created_at: string; }[]' is not assignable to parameter of type 'TriggerRecord[]'.
  Type '{ id: string; trigger_type: "unknown" | "social" | "auditory" | "visual"; stress_score: number; context: { activity: string | null; location: string | null; time: string | null; }; timestamp: number; created_at: string; }' is not assignable to type 'TriggerRecord'.
    The types of 'context.location' are incompatible between these types.
      Type 'string | null' is not assignable to type 'string | undefined'.
        Type 'null' is not assignable to type 'string | undefined'.
src/utils/__tests__/triggers.pbt.test.ts(325,46): error TS2345: Argument of type '{ id: string; trigger_type: "unknown" | "social" | "auditory" | "visual"; stress_score: number; context: { activity: string | null; location: string | null; time: string | null; }; timestamp: number; created_at: string; }[]' is not assignable to parameter of type 'TriggerRecord[]'.
  Type '{ id: string; trigger_type: "unknown" | "social" | "auditory" | "visual"; stress_score: number; context: { activity: string | null; location: string | null; time: string | null; }; timestamp: number; created_at: string; }' is not assignable to type 'TriggerRecord'.
    The types of 'context.location' are incompatible between these types.
      Type 'string | null' is not assignable to type 'string | undefined'.
        Type 'null' is not assignable to type 'string | undefined'.
src/utils/__tests__/triggers.pbt.test.ts(351,46): error TS2345: Argument of type '{ id: string; trigger_type: "unknown" | "social" | "auditory" | "visual"; stress_score: number; context: { activity: string | null; location: string | null; time: string | null; }; timestamp: number; created_at: string; }[]' is not assignable to parameter of type 'TriggerRecord[]'.
  Type '{ id: string; trigger_type: "unknown" | "social" | "auditory" | "visual"; stress_score: number; context: { activity: string | null; location: string | null; time: string | null; }; timestamp: number; created_at: string; }' is not assignable to type 'TriggerRecord'.
    The types of 'context.location' are incompatible between these types.
      Type 'string | null' is not assignable to type 'string | undefined'.
        Type 'null' is not assignable to type 'string | undefined'.
src/utils/__tests__/triggers.pbt.test.ts(354,25): error TS6133: 'location' is declared but its value is never read.
src/utils/__tests__/triggers.pbt.test.ts(371,46): error TS2345: Argument of type '{ id: string; trigger_type: "unknown" | "social" | "auditory" | "visual"; stress_score: number; context: { activity: string | null; location: string | null; time: string | null; }; timestamp: number; created_at: string; }[]' is not assignable to parameter of type 'TriggerRecord[]'.
  Type '{ id: string; trigger_type: "unknown" | "social" | "auditory" | "visual"; stress_score: number; context: { activity: string | null; location: string | null; time: string | null; }; timestamp: number; created_at: string; }' is not assignable to type 'TriggerRecord'.
    The types of 'context.location' are incompatible between these types.
      Type 'string | null' is not assignable to type 'string | undefined'.
        Type 'null' is not assignable to type 'string | undefined'.
src/utils/__tests__/triggers.pbt.test.ts(374,25): error TS6133: 'time' is declared but its value is never read.
src/utils/__tests__/triggers.pbt.test.ts(391,41): error TS2345: Argument of type '{ stress_score: number; timestamp: number; context: { activity: string | null; location: string | null; time: string | null; }; }' is not assignable to parameter of type 'StressEvent'.
  The types of 'context.location' are incompatible between these types.
    Type 'string | null' is not assignable to type 'string | undefined'.
      Type 'null' is not assignable to type 'string | undefined'.
src/utils/__tests__/triggers.pbt.test.ts(418,43): error TS2345: Argument of type '{ stress_score: number; timestamp: number; context: { activity: string | null; location: string | null; time: string | null; }; }' is not assignable to parameter of type 'StressEvent'.
  The types of 'context.location' are incompatible between these types.
    Type 'string | null' is not assignable to type 'string | undefined'.
      Type 'null' is not assignable to type 'string | undefined'.
src/utils/__tests__/triggers.pbt.test.ts(436,47): error TS2345: Argument of type '{ id: string; trigger_type: "unknown" | "social" | "auditory" | "visual"; stress_score: number; context: { activity: string | null; location: string | null; time: string | null; }; timestamp: number; created_at: string; }[]' is not assignable to parameter of type 'TriggerRecord[]'.
  Type '{ id: string; trigger_type: "unknown" | "social" | "auditory" | "visual"; stress_score: number; context: { activity: string | null; location: string | null; time: string | null; }; timestamp: number; created_at: string; }' is not assignable to type 'TriggerRecord'.
    The types of 'context.location' are incompatible between these types.
      Type 'string | null' is not assignable to type 'string | undefined'.
        Type 'null' is not assignable to type 'string | undefined'.
src/utils/__tests__/triggers.pbt.test.ts(437,47): error TS2345: Argument of type '{ id: string; trigger_type: "unknown" | "social" | "auditory" | "visual"; stress_score: number; context: { activity: string | null; location: string | null; time: string | null; }; timestamp: number; created_at: string; }[]' is not assignable to parameter of type 'TriggerRecord[]'.
  Type '{ id: string; trigger_type: "unknown" | "social" | "auditory" | "visual"; stress_score: number; context: { activity: string | null; location: string | null; time: string | null; }; timestamp: number; created_at: string; }' is not assignable to type 'TriggerRecord'.
    The types of 'context.location' are incompatible between these types.
      Type 'string | null' is not assignable to type 'string | undefined'.
        Type 'null' is not assignable to type 'string | undefined'.
src/utils/__tests__/triggers.pbt.test.ts(465,46): error TS2345: Argument of type '{ id: string; trigger_type: "unknown" | "social" | "auditory" | "visual"; stress_score: number; context: { activity: string | null; location: string | null; time: string | null; }; timestamp: number; created_at: string; }[]' is not assignable to parameter of type 'TriggerRecord[]'.
  Type '{ id: string; trigger_type: "unknown" | "social" | "auditory" | "visual"; stress_score: number; context: { activity: string | null; location: string | null; time: string | null; }; timestamp: number; created_at: string; }' is not assignable to type 'TriggerRecord'.
    The types of 'context.location' are incompatible between these types.
      Type 'string | null' is not assignable to type 'string | undefined'.
        Type 'null' is not assignable to type 'string | undefined'.
src/utils/__tests__/triggers.pbt.test.ts(488,46): error TS2345: Argument of type '{ id: string; trigger_type: "unknown" | "social" | "auditory" | "visual"; stress_score: number; context: { activity: string | null; location: string | null; time: string | null; }; timestamp: number; created_at: string; }[]' is not assignable to parameter of type 'TriggerRecord[]'.
  Type '{ id: string; trigger_type: "unknown" | "social" | "auditory" | "visual"; stress_score: number; context: { activity: string | null; location: string | null; time: string | null; }; timestamp: number; created_at: string; }' is not assignable to type 'TriggerRecord'.
    The types of 'context.location' are incompatible between these types.
      Type 'string | null' is not assignable to type 'string | undefined'.
        Type 'null' is not assignable to type 'string | undefined'.
